// Jest Snapshot v1, https://goo.gl/fbAQLP

exports[`Link should render correctly 1`] = `
<div
  className="container"
>
  <div
    className="active-movie"
  />
</div>
`;

exports[`Movie should render correctly 1`] = `
<div
  className="container"
>
  <div
    className="active-movie"
  />
</div>
`;
